// Jest Snapshot v1, https://goo.gl/fbAQLP

exports[`articles.context <ArticlesProvider /> should render nested providers 1`] = `
<ContextProvider
  value={
    Object {
      "articles": Array [],
    }
  }
>
  <ContextProvider
    value={[Function]}
  >
    <div />
  </ContextProvider>
</ContextProvider>
`;
