// Jest Snapshot v1, https://goo.gl/fbAQLP

exports[`<ArticlesList /> Snapshot should render correctly 1`] = `
<WithStyles(ForwardRef(Grid))
  container={true}
  spacing={4}
/>
`;

exports[`<ArticlesList /> Snapshot should render list correctly 1`] = `
<WithStyles(ForwardRef(Grid))
  container={true}
  spacing={4}
/>
`;
