// Jest Snapshot v1, https://goo.gl/fbAQLP

exports[`<ArticleCard /> Snapshot should render correctly 1`] = `
<WithStyles(ForwardRef(Grid))
  item={true}
  md={4}
  sm={6}
  xs={12}
>
  <WithStyles(ForwardRef(Card))
    className="makeStyles-card-1"
  >
    <WithStyles(ForwardRef(CardMedia))
      className="makeStyles-cardMedia-2"
      image="baz"
      title="bar"
    />
    <WithStyles(ForwardRef(CardContent))
      className="makeStyles-cardContent-3"
    >
      <WithStyles(ForwardRef(Typography))
        component="h2"
        gutterBottom={true}
        variant="h5"
      >
        bar
      </WithStyles(ForwardRef(Typography))>
      <div
        className="makeStyles-cardDescription-4"
      >
        <WithStyles(ForwardRef(Typography))>
          1
        </WithStyles(ForwardRef(Typography))>
        <WithStyles(ForwardRef(Typography))>
          1
           $
        </WithStyles(ForwardRef(Typography))>
      </div>
    </WithStyles(ForwardRef(CardContent))>
    <WithStyles(ForwardRef(CardActions))>
      <WithStyles(ForwardRef(Button))
        color="secondary"
        onClick={[Function]}
        size="small"
        variant="outlined"
      >
        Lorem
      </WithStyles(ForwardRef(Button))>
      <WithStyles(ForwardRef(Button))
        color="primary"
        size="small"
        variant="outlined"
      >
        Ipsum
      </WithStyles(ForwardRef(Button))>
    </WithStyles(ForwardRef(CardActions))>
  </WithStyles(ForwardRef(Card))>
</WithStyles(ForwardRef(Grid))>
`;
