// Jest Snapshot v1, https://goo.gl/fbAQLP

exports[`App should render correctly 1`] = `
<BrowserRouter>
  <Switch>
    <Route
      path="/about"
    >
      <AboutPage />
    </Route>
    <Route
      path="/contact"
    >
      <ContactPage />
    </Route>
    <Route
      exact={true}
      path="/"
    >
      <HomePage />
    </Route>
  </Switch>
</BrowserRouter>
`;
