// Jest Snapshot v1, https://goo.gl/fbAQLP

exports[`<Article /> Snapshot should render correctly 1`] = `
<ArticleCard
  article={
    Object {
      "description": "Lorem ipsum dolor sit amet, consectetur adipiscing elit. Nam scelerisque nunc sagittis sollicitudin placerat. Maecenas in consectetur magna, egestas auctor massa. Aenean velit nunc, pulvinar id commodo in, ultricies nec velit. Integer efficitur porttitor feugiat. Nulla facilisi. Nulla sit amet mauris eu metus pellentesque faucibus. Nunc mattis dapibus urna at vulputate. Integer lobortis nisl quis arcu sodales sodales. Praesent malesuada et metus non vestibulum. Class aptent taciti sociosqu ad litora torquent per conubia nostra, per inceptos himenaeos. Nullam diam orci, ornare ut aliquet et, porta eget arcu.",
      "id": "O4GVOHgdvjkdivlRxQPlZpV",
      "image": "https://picsum.photos/602/800",
      "name": "Massive Oak Table",
      "price": 1000,
      "slug": "massive-oak-table-1975",
      "type": "furniture",
      "year": "1975",
    }
  }
/>
`;
