// Jest Snapshot v1, https://goo.gl/fbAQLP

exports[`<ArticlesList /> Snapshot should render correctly 1`] = `
<WithStyles(ForwardRef(Grid))
  container={true}
  spacing={2}
>
  <ArticleCard
    article={
      Object {
        "description": "Lorem ipsum dolor sit amet, consectetur adipiscing elit. Nam scelerisque nunc sagittis sollicitudin placerat. Maecenas in consectetur magna, egestas auctor massa. Aenean velit nunc, pulvinar id commodo in, ultricies nec velit. Integer efficitur porttitor feugiat. Nulla facilisi. Nulla sit amet mauris eu metus pellentesque faucibus. Nunc mattis dapibus urna at vulputate. Integer lobortis nisl quis arcu sodales sodales. Praesent malesuada et metus non vestibulum. Class aptent taciti sociosqu ad litora torquent per conubia nostra, per inceptos himenaeos. Nullam diam orci, ornare ut aliquet et, porta eget arcu.",
        "id": "O4GVOHgdvjkdivlRxQPlZpV",
        "image": "https://picsum.photos/602/800",
        "name": "Massive Oak Table",
        "price": 1000,
        "slug": "massive-oak-table-1975",
        "type": "furniture",
        "year": "1975",
      }
    }
    key="O4GVOHgdvjkdivlRxQPlZpV"
  />
  <ArticleCard
    article={
      Object {
        "description": "Lorem ipsum dolor sit amet, consectetur adipiscing elit. Nam scelerisque nunc sagittis sollicitudin placerat. Maecenas in consectetur magna, egestas auctor massa. Aenean velit nunc, pulvinar id commodo in, ultricies nec velit. Integer efficitur porttitor feugiat. Nulla facilisi. Nulla sit amet mauris eu metus pellentesque faucibus. Nunc mattis dapibus urna at vulputate. Integer lobortis nisl quis arcu sodales sodales. Praesent malesuada et metus non vestibulum. Class aptent taciti sociosqu ad litora torquent per conubia nostra, per inceptos himenaeos. Nullam diam orci, ornare ut aliquet et, porta eget arcu.",
        "id": "O4GVOg7clwmlRxQPlZpV",
        "image": "https://picsum.photos/601/801",
        "name": "Toyota Yaris",
        "price": 13000,
        "slug": "toyota-yaris-2014",
        "type": "car",
        "year": "2014",
      }
    }
    key="O4GVOg7clwmlRxQPlZpV"
  />
  <ArticleCard
    article={
      Object {
        "description": "Lorem ipsum dolor sit amet, consectetur adipiscing elit. Nam scelerisque nunc sagittis sollicitudin placerat. Maecenas in consectetur magna, egestas auctor massa. Aenean velit nunc, pulvinar id commodo in, ultricies nec velit. Integer efficitur porttitor feugiat. Nulla facilisi. Nulla sit amet mauris eu metus pellentesque faucibus. Nunc mattis dapibus urna at vulputate. Integer lobortis nisl quis arcu sodales sodales. Praesent malesuada et metus non vestibulum. Class aptent taciti sociosqu ad litora torquent per conubia nostra, per inceptos himenaeos. Nullam diam orci, ornare ut aliquet et, porta eget arcu.",
        "id": "O4GVOg7vddfvlRxQPlZpV",
        "image": "https://picsum.photos/600/802",
        "name": "Siver Ear Rings",
        "price": 370,
        "slug": "silver-ear-rings-2014",
        "type": "jewelry",
        "year": "2014",
      }
    }
    key="O4GVOg7vddfvlRxQPlZpV"
  />
  <ArticleCard
    article={
      Object {
        "description": "Lorem ipsum dolor sit amet, consectetur adipiscing elit. Nam scelerisque nunc sagittis sollicitudin placerat. Maecenas in consectetur magna, egestas auctor massa. Aenean velit nunc, pulvinar id commodo in, ultricies nec velit. Integer efficitur porttitor feugiat. Nulla facilisi. Nulla sit amet mauris eu metus pellentesque faucibus. Nunc mattis dapibus urna at vulputate. Integer lobortis nisl quis arcu sodales sodales. Praesent malesuada et metus non vestibulum. Class aptent taciti sociosqu ad litora torquent per conubia nostra, per inceptos himenaeos. Nullam diam orci, ornare ut aliquet et, porta eget arcu.",
        "id": "O4GVscjisjcjumlRxQPlZpV",
        "image": "https://picsum.photos/603/800",
        "name": "Vintage Leather Jacket",
        "price": 500,
        "slug": "vintage-leather-jacket-1980",
        "type": "music",
        "year": "1980",
      }
    }
    key="O4GVscjisjcjumlRxQPlZpV"
  />
  <ArticleCard
    article={
      Object {
        "description": "Lorem ipsum dolor sit amet, consectetur adipiscing elit. Nam scelerisque nunc sagittis sollicitudin placerat. Maecenas in consectetur magna, egestas auctor massa. Aenean velit nunc, pulvinar id commodo in, ultricies nec velit. Integer efficitur porttitor feugiat. Nulla facilisi. Nulla sit amet mauris eu metus pellentesque faucibus. Nunc mattis dapibus urna at vulputate. Integer lobortis nisl quis arcu sodales sodales. Praesent malesuada et metus non vestibulum. Class aptent taciti sociosqu ad litora torquent per conubia nostra, per inceptos himenaeos. Nullam diam orci, ornare ut aliquet et, porta eget arcu.",
        "id": "YhhG5sldvidvnkkMF5g67juG",
        "image": "https://picsum.photos/600/800",
        "name": "Renault Megane",
        "price": 16000,
        "slug": "renault-megane-2016",
        "type": "car",
        "year": "2016",
      }
    }
    key="YhhG5sldvidvnkkMF5g67juG"
  />
  <ArticleCard
    article={
      Object {
        "description": "Lorem ipsum dolor sit amet, consectetur adipiscing elit. Nam scelerisque nunc sagittis sollicitudin placerat. Maecenas in consectetur magna, egestas auctor massa. Aenean velit nunc, pulvinar id commodo in, ultricies nec velit. Integer efficitur porttitor feugiat. Nulla facilisi. Nulla sit amet mauris eu metus pellentesque faucibus. Nunc mattis dapibus urna at vulputate. Integer lobortis nisl quis arcu sodales sodales. Praesent malesuada et metus non vestibulum. Class aptent taciti sociosqu ad litora torquent per conubia nostra, per inceptos himenaeos. Nullam diam orci, ornare ut aliquet et, porta eget arcu.",
        "id": "ljF9FsldvkslzF5g67juG",
        "image": "https://picsum.photos/600/801",
        "name": "Mercedes Class A",
        "price": 35000,
        "slug": "mercedes-class-a-2016",
        "type": "car",
        "year": "2016",
      }
    }
    key="ljF9FsldvkslzF5g67juG"
  />
  <ArticleCard
    article={
      Object {
        "description": "Lorem ipsum dolor sit amet, consectetur adipiscing elit. Curabitur eu hendrerit dolor, at commodo mi. Nam egestas malesuada varius. Praesent eu interdum lorem. Sed diam purus, vulputate et pharetra at, pharetra ut eros. Morbi id ipsum lorem. Aliquam non massa vulputate, sodales nisi ut, tempor mi. Integer pellentesque tempor nunc a vulputate. Praesent eu magna id ante dignissim pharetra. Proin rutrum vulputate ligula, et luctus eros finibus sit amet. Maecenas orci nibh, facilisis quis enim sed, efficitur rhoncus neque. Nunc congue commodo dui convallis bibendum. Aliquam erat volutpat.",
        "id": "ljF9dkvdknknnOJQMFTeqcBmS",
        "image": "https://picsum.photos/601/800",
        "name": "Honda Civic",
        "price": 20000,
        "slug": "honda-civic-2017",
        "type": "car",
        "year": "2017",
      }
    }
    key="ljF9dkvdknknnOJQMFTeqcBmS"
  />
</WithStyles(ForwardRef(Grid))>
`;
