// Jest Snapshot v1, https://goo.gl/fbAQLP

exports[`<Cart /> Snapshot should render correctly with articles 1`] = `
<WithStyles(ForwardRef(Grid))
  container={true}
  justify="space-between"
  spacing={4}
>
  <WithStyles(ForwardRef(Grid))
    item={true}
    md={8}
    sm={8}
    xs={12}
  >
    <p>
      foo
    </p>
  </WithStyles(ForwardRef(Grid))>
  <WithStyles(ForwardRef(Grid))
    item={true}
    md={4}
    sm={4}
    xs={12}
  >
    <Cart />
  </WithStyles(ForwardRef(Grid))>
</WithStyles(ForwardRef(Grid))>
`;
