// Jest Snapshot v1, https://goo.gl/fbAQLP

exports[`<Login/> Snapshot should render correctly 1`] = `
<WithStyles(ForwardRef(Container))
  maxWidth="sm"
>
  <div
    className="makeStyles-paper-1"
  >
    <WithStyles(ForwardRef(Avatar))
      className="makeStyles-avatar-2"
    >
      <ForwardRef(LockOutlinedIcon) />
    </WithStyles(ForwardRef(Avatar))>
    <WithStyles(ForwardRef(Typography))
      component="h1"
      variant="h5"
    >
      Sign in
    </WithStyles(ForwardRef(Typography))>
    <form
      className="makeStyles-form-3"
      noValidate={true}
      onSubmit={[Function]}
    >
      <WithStyles(ForwardRef(TextField))
        autoComplete="email"
        autoFocus={true}
        fullWidth={true}
        id="email"
        label="Email Address"
        margin="normal"
        name="email"
        onChange={[MockFunction]}
        required={true}
        value=""
        variant="outlined"
      />
      <WithStyles(ForwardRef(TextField))
        autoComplete="current-password"
        fullWidth={true}
        id="password"
        label="Password"
        margin="normal"
        name="password"
        onChange={[MockFunction]}
        required={true}
        type="password"
        value=""
        variant="outlined"
      />
      <WithStyles(ForwardRef(FormControlLabel))
        control={
          <ForwardRef(WithStyles(ForwardRef(Checkbox)))
            color="primary"
            value="remember"
          />
        }
        label="Remember me"
      />
      <WithStyles(ForwardRef(Button))
        className="makeStyles-submit-4"
        color="primary"
        fullWidth={true}
        type="submit"
        variant="contained"
      >
        Sign In
      </WithStyles(ForwardRef(Button))>
      <WithStyles(ForwardRef(Grid))
        container={true}
      >
        <WithStyles(ForwardRef(Grid))
          item={true}
          xs={true}
        >
          <WithStyles(ForwardRef(Link))
            href="#"
            variant="body2"
          >
            Forgot password?
          </WithStyles(ForwardRef(Link))>
        </WithStyles(ForwardRef(Grid))>
        <WithStyles(ForwardRef(Grid))
          item={true}
        >
          <WithStyles(ForwardRef(Link))
            href="#"
            variant="body2"
          >
            Don't have an account? Sign Up
          </WithStyles(ForwardRef(Link))>
        </WithStyles(ForwardRef(Grid))>
      </WithStyles(ForwardRef(Grid))>
    </form>
  </div>
</WithStyles(ForwardRef(Container))>
`;
