// Jest Snapshot v1, https://goo.gl/fbAQLP

exports[`<ContactPage /> should render correctly 1`] = `
<Layout>
  <Styled(MuiBox)
    display="flex"
    justifyContent="space-between"
    m={1}
  >
    <h2>
      Contact
    </h2>
    <WithStyles(ForwardRef(Button))
      color="secondary"
      component={
        Object {
          "$$typeof": Symbol(react.forward_ref),
          "propTypes": Object {
            "innerRef": [Function],
            "onClick": [Function],
            "replace": [Function],
            "target": [Function],
            "to": [Function],
          },
          "render": [Function],
        }
      }
      to="/"
      variant="outlined"
    >
      Return to Home
    </WithStyles(ForwardRef(Button))>
  </Styled(MuiBox)>
</Layout>
`;
