// Jest Snapshot v1, https://goo.gl/fbAQLP

exports[`<Cart /> Snapshot should render correctly with articles 1`] = `
<WithStyles(ForwardRef(Card))
  className="makeStyles-card-1"
>
  <WithStyles(ForwardRef(CardContent))
    className="makeStyles-cardContent-2"
  >
    <WithStyles(ForwardRef(Typography))
      component="h2"
      gutterBottom={true}
      variant="h5"
    >
      Cart
    </WithStyles(ForwardRef(Typography))>
    <WithStyles(ForwardRef(List))
      aria-label="purchased-items-list"
    >
      <WithStyles(ForwardRef(ListItem))
        className="makeStyles-listItem-3"
        component={
          Object {
            "$$typeof": Symbol(react.forward_ref),
            "propTypes": Object {
              "innerRef": [Function],
              "onClick": [Function],
              "replace": [Function],
              "target": [Function],
              "to": [Function],
            },
            "render": [Function],
          }
        }
        key="O4GVOHgdvjkdivlRxQPlZpV"
        to="/articles/massive-oak-table-1975"
      >
        <WithStyles(ForwardRef(ListItemText))
          primary="x1 - Massive Oak Table"
        />
        <WithStyles(ForwardRef(ListItemText))
          secondary={1000}
        />
        <WithStyles(ForwardRef(ListItemSecondaryAction))>
          <WithStyles(ForwardRef(IconButton))
            aria-label="delete"
            edge="end"
            onClick={[Function]}
            size="small"
          >
            <ForwardRef(RemoveCircleIcon) />
          </WithStyles(ForwardRef(IconButton))>
        </WithStyles(ForwardRef(ListItemSecondaryAction))>
      </WithStyles(ForwardRef(ListItem))>
      <WithStyles(ForwardRef(ListItem))
        className="makeStyles-listItem-3"
        component={
          Object {
            "$$typeof": Symbol(react.forward_ref),
            "propTypes": Object {
              "innerRef": [Function],
              "onClick": [Function],
              "replace": [Function],
              "target": [Function],
              "to": [Function],
            },
            "render": [Function],
          }
        }
        key="O4GVOg7clwmlRxQPlZpV"
        to="/articles/toyota-yaris-2014"
      >
        <WithStyles(ForwardRef(ListItemText))
          primary="x1 - Toyota Yaris"
        />
        <WithStyles(ForwardRef(ListItemText))
          secondary={13000}
        />
        <WithStyles(ForwardRef(ListItemSecondaryAction))>
          <WithStyles(ForwardRef(IconButton))
            aria-label="delete"
            edge="end"
            onClick={[Function]}
            size="small"
          >
            <ForwardRef(RemoveCircleIcon) />
          </WithStyles(ForwardRef(IconButton))>
        </WithStyles(ForwardRef(ListItemSecondaryAction))>
      </WithStyles(ForwardRef(ListItem))>
      <WithStyles(ForwardRef(ListItem))
        className="makeStyles-listItem-3"
        component={
          Object {
            "$$typeof": Symbol(react.forward_ref),
            "propTypes": Object {
              "innerRef": [Function],
              "onClick": [Function],
              "replace": [Function],
              "target": [Function],
              "to": [Function],
            },
            "render": [Function],
          }
        }
        key="O4GVOg7vddfvlRxQPlZpV"
        to="/articles/silver-ear-rings-2014"
      >
        <WithStyles(ForwardRef(ListItemText))
          primary="x1 - Siver Ear Rings"
        />
        <WithStyles(ForwardRef(ListItemText))
          secondary={370}
        />
        <WithStyles(ForwardRef(ListItemSecondaryAction))>
          <WithStyles(ForwardRef(IconButton))
            aria-label="delete"
            edge="end"
            onClick={[Function]}
            size="small"
          >
            <ForwardRef(RemoveCircleIcon) />
          </WithStyles(ForwardRef(IconButton))>
        </WithStyles(ForwardRef(ListItemSecondaryAction))>
      </WithStyles(ForwardRef(ListItem))>
      <WithStyles(ForwardRef(ListItem))
        className="makeStyles-listItem-3"
        component={
          Object {
            "$$typeof": Symbol(react.forward_ref),
            "propTypes": Object {
              "innerRef": [Function],
              "onClick": [Function],
              "replace": [Function],
              "target": [Function],
              "to": [Function],
            },
            "render": [Function],
          }
        }
        key="O4GVscjisjcjumlRxQPlZpV"
        to="/articles/vintage-leather-jacket-1980"
      >
        <WithStyles(ForwardRef(ListItemText))
          primary="x1 - Vintage Leather Jacket"
        />
        <WithStyles(ForwardRef(ListItemText))
          secondary={500}
        />
        <WithStyles(ForwardRef(ListItemSecondaryAction))>
          <WithStyles(ForwardRef(IconButton))
            aria-label="delete"
            edge="end"
            onClick={[Function]}
            size="small"
          >
            <ForwardRef(RemoveCircleIcon) />
          </WithStyles(ForwardRef(IconButton))>
        </WithStyles(ForwardRef(ListItemSecondaryAction))>
      </WithStyles(ForwardRef(ListItem))>
      <WithStyles(ForwardRef(ListItem))
        className="makeStyles-listItem-3"
        component={
          Object {
            "$$typeof": Symbol(react.forward_ref),
            "propTypes": Object {
              "innerRef": [Function],
              "onClick": [Function],
              "replace": [Function],
              "target": [Function],
              "to": [Function],
            },
            "render": [Function],
          }
        }
        key="YhhG5sldvidvnkkMF5g67juG"
        to="/articles/renault-megane-2016"
      >
        <WithStyles(ForwardRef(ListItemText))
          primary="x1 - Renault Megane"
        />
        <WithStyles(ForwardRef(ListItemText))
          secondary={16000}
        />
        <WithStyles(ForwardRef(ListItemSecondaryAction))>
          <WithStyles(ForwardRef(IconButton))
            aria-label="delete"
            edge="end"
            onClick={[Function]}
            size="small"
          >
            <ForwardRef(RemoveCircleIcon) />
          </WithStyles(ForwardRef(IconButton))>
        </WithStyles(ForwardRef(ListItemSecondaryAction))>
      </WithStyles(ForwardRef(ListItem))>
      <WithStyles(ForwardRef(ListItem))
        className="makeStyles-listItem-3"
        component={
          Object {
            "$$typeof": Symbol(react.forward_ref),
            "propTypes": Object {
              "innerRef": [Function],
              "onClick": [Function],
              "replace": [Function],
              "target": [Function],
              "to": [Function],
            },
            "render": [Function],
          }
        }
        key="ljF9FsldvkslzF5g67juG"
        to="/articles/mercedes-class-a-2016"
      >
        <WithStyles(ForwardRef(ListItemText))
          primary="x1 - Mercedes Class A"
        />
        <WithStyles(ForwardRef(ListItemText))
          secondary={35000}
        />
        <WithStyles(ForwardRef(ListItemSecondaryAction))>
          <WithStyles(ForwardRef(IconButton))
            aria-label="delete"
            edge="end"
            onClick={[Function]}
            size="small"
          >
            <ForwardRef(RemoveCircleIcon) />
          </WithStyles(ForwardRef(IconButton))>
        </WithStyles(ForwardRef(ListItemSecondaryAction))>
      </WithStyles(ForwardRef(ListItem))>
      <WithStyles(ForwardRef(ListItem))
        className="makeStyles-listItem-3"
        component={
          Object {
            "$$typeof": Symbol(react.forward_ref),
            "propTypes": Object {
              "innerRef": [Function],
              "onClick": [Function],
              "replace": [Function],
              "target": [Function],
              "to": [Function],
            },
            "render": [Function],
          }
        }
        key="ljF9dkvdknknnOJQMFTeqcBmS"
        to="/articles/honda-civic-2017"
      >
        <WithStyles(ForwardRef(ListItemText))
          primary="x1 - Honda Civic"
        />
        <WithStyles(ForwardRef(ListItemText))
          secondary={20000}
        />
        <WithStyles(ForwardRef(ListItemSecondaryAction))>
          <WithStyles(ForwardRef(IconButton))
            aria-label="delete"
            edge="end"
            onClick={[Function]}
            size="small"
          >
            <ForwardRef(RemoveCircleIcon) />
          </WithStyles(ForwardRef(IconButton))>
        </WithStyles(ForwardRef(ListItemSecondaryAction))>
      </WithStyles(ForwardRef(ListItem))>
    </WithStyles(ForwardRef(List))>
    <WithStyles(ForwardRef(Typography))
      align="right"
      component="h4"
      gutterBottom={true}
      variant="h6"
    >
      Total Price: 
       $
    </WithStyles(ForwardRef(Typography))>
  </WithStyles(ForwardRef(CardContent))>
  <WithStyles(ForwardRef(CardActions))>
    <WithStyles(ForwardRef(Button))
      color="secondary"
      component={
        Object {
          "$$typeof": Symbol(react.forward_ref),
          "propTypes": Object {
            "innerRef": [Function],
            "onClick": [Function],
            "replace": [Function],
            "target": [Function],
            "to": [Function],
          },
          "render": [Function],
        }
      }
      size="small"
      to="/checkout"
      variant="outlined"
    >
      Check out
    </WithStyles(ForwardRef(Button))>
  </WithStyles(ForwardRef(CardActions))>
</WithStyles(ForwardRef(Card))>
`;
