// Jest Snapshot v1, https://goo.gl/fbAQLP

exports[`<NavBar /> Snapshot should render correctly 1`] = `
<WithStyles(ForwardRef(AppBar))
  position="static"
>
  <WithStyles(ForwardRef(Toolbar))>
    <WithStyles(ForwardRef(Typography))
      className="makeStyles-title-5"
      variant="h6"
    >
      Shopping App
    </WithStyles(ForwardRef(Typography))>
    <WithStyles(ForwardRef(IconButton))
      aria-label="logout button"
      className="makeStyles-menuButton-2 makeStyles-logoutButton-4"
      edge="start"
      onClick={[Function]}
    >
      <ForwardRef(PowerSettingsNewOutlinedIcon) />
    </WithStyles(ForwardRef(IconButton))>
    <div>
      <WithStyles(ForwardRef(IconButton))
        aria-controls="menu-appbar"
        aria-haspopup="true"
        aria-label="menu"
        className="makeStyles-menuButton-2"
        color="inherit"
        edge="start"
        onClick={[Function]}
      >
        <ForwardRef(MenuIcon) />
      </WithStyles(ForwardRef(IconButton))>
      <WithStyles(ForwardRef(Menu))
        anchorEl={null}
        anchorOrigin={
          Object {
            "horizontal": "right",
            "vertical": "top",
          }
        }
        id="menu-appbar"
        keepMounted={true}
        onClose={[Function]}
        open={false}
        transformOrigin={
          Object {
            "horizontal": "right",
            "vertical": "top",
          }
        }
      >
        <WithStyles(ForwardRef(MenuItem))
          component={
            Object {
              "$$typeof": Symbol(react.forward_ref),
              "propTypes": Object {
                "innerRef": [Function],
                "onClick": [Function],
                "replace": [Function],
                "target": [Function],
                "to": [Function],
              },
              "render": [Function],
            }
          }
          onClick={[Function]}
          to="/"
        >
          Home
        </WithStyles(ForwardRef(MenuItem))>
        <WithStyles(ForwardRef(MenuItem))
          component={
            Object {
              "$$typeof": Symbol(react.forward_ref),
              "propTypes": Object {
                "innerRef": [Function],
                "onClick": [Function],
                "replace": [Function],
                "target": [Function],
                "to": [Function],
              },
              "render": [Function],
            }
          }
          onClick={[Function]}
          to="/contact"
        >
          Contact
        </WithStyles(ForwardRef(MenuItem))>
        <WithStyles(ForwardRef(MenuItem))
          component={
            Object {
              "$$typeof": Symbol(react.forward_ref),
              "propTypes": Object {
                "innerRef": [Function],
                "onClick": [Function],
                "replace": [Function],
                "target": [Function],
                "to": [Function],
              },
              "render": [Function],
            }
          }
          onClick={[Function]}
          to="/about"
        >
          About
        </WithStyles(ForwardRef(MenuItem))>
      </WithStyles(ForwardRef(Menu))>
    </div>
  </WithStyles(ForwardRef(Toolbar))>
</WithStyles(ForwardRef(AppBar))>
`;
